// Vitest Snapshot v1, https://vitest.dev/guide/snapshot.html

exports[`test Card component > test render 1`] = `
<div>
  <div
    class="_item_b07fc0"
  >
    <div
      class="_image-container_b07fc0"
    >
      <img
        alt="Product image"
        src="#"
      />
    </div>
    <div
      class="_info_b07fc0"
    >
      <div
        class="_title_b07fc0"
      />
      <div>
        <span
          class="style-module_starRatingWrap__q-lJC"
          style="direction: ltr;"
        >
          <span
            aria-hidden="true"
            class="style-module_simpleStarRating__nWUxf react-simple-star-rating"
          >
            <span
              class="style-module_emptyIcons__Bg-FZ empty-icons"
              style="color: rgb(204, 204, 204);"
            >
              <svg
                class="star-svg"
                fill="currentColor"
                height="20"
                stroke="currentColor"
                stroke-width="0"
                viewBox="0 0 24 24"
                width="20"
                xmlns="http://www.w3.org/2000/svg"
              >
                <path
                  d="M12 17.27L18.18 21l-1.64-7.03L22 9.24l-7.19-.61L12 2 9.19 8.63 2 9.24l5.46 4.73L5.82 21z"
                />
              </svg>
              <svg
                class="star-svg"
                fill="currentColor"
                height="20"
                stroke="currentColor"
                stroke-width="0"
                viewBox="0 0 24 24"
                width="20"
                xmlns="http://www.w3.org/2000/svg"
              >
                <path
                  d="M12 17.27L18.18 21l-1.64-7.03L22 9.24l-7.19-.61L12 2 9.19 8.63 2 9.24l5.46 4.73L5.82 21z"
                />
              </svg>
              <svg
                class="star-svg"
                fill="currentColor"
                height="20"
                stroke="currentColor"
                stroke-width="0"
                viewBox="0 0 24 24"
                width="20"
                xmlns="http://www.w3.org/2000/svg"
              >
                <path
                  d="M12 17.27L18.18 21l-1.64-7.03L22 9.24l-7.19-.61L12 2 9.19 8.63 2 9.24l5.46 4.73L5.82 21z"
                />
              </svg>
              <svg
                class="star-svg"
                fill="currentColor"
                height="20"
                stroke="currentColor"
                stroke-width="0"
                viewBox="0 0 24 24"
                width="20"
                xmlns="http://www.w3.org/2000/svg"
              >
                <path
                  d="M12 17.27L18.18 21l-1.64-7.03L22 9.24l-7.19-.61L12 2 9.19 8.63 2 9.24l5.46 4.73L5.82 21z"
                />
              </svg>
              <svg
                class="star-svg"
                fill="currentColor"
                height="20"
                stroke="currentColor"
                stroke-width="0"
                viewBox="0 0 24 24"
                width="20"
                xmlns="http://www.w3.org/2000/svg"
              >
                <path
                  d="M12 17.27L18.18 21l-1.64-7.03L22 9.24l-7.19-.61L12 2 9.19 8.63 2 9.24l5.46 4.73L5.82 21z"
                />
              </svg>
            </span>
            <span
              class="style-module_fillIcons__6---A filled-icons"
              style="left: 0px; color: rgb(255, 188, 11); width: 62%;"
              title="3.1 out of 5"
            >
              <svg
                class="star-svg"
                fill="currentColor"
                height="20"
                stroke="currentColor"
                stroke-width="0"
                viewBox="0 0 24 24"
                width="20"
                xmlns="http://www.w3.org/2000/svg"
              >
                <path
                  d="M12 17.27L18.18 21l-1.64-7.03L22 9.24l-7.19-.61L12 2 9.19 8.63 2 9.24l5.46 4.73L5.82 21z"
                />
              </svg>
              <svg
                class="star-svg"
                fill="currentColor"
                height="20"
                stroke="currentColor"
                stroke-width="0"
                viewBox="0 0 24 24"
                width="20"
                xmlns="http://www.w3.org/2000/svg"
              >
                <path
                  d="M12 17.27L18.18 21l-1.64-7.03L22 9.24l-7.19-.61L12 2 9.19 8.63 2 9.24l5.46 4.73L5.82 21z"
                />
              </svg>
              <svg
                class="star-svg"
                fill="currentColor"
                height="20"
                stroke="currentColor"
                stroke-width="0"
                viewBox="0 0 24 24"
                width="20"
                xmlns="http://www.w3.org/2000/svg"
              >
                <path
                  d="M12 17.27L18.18 21l-1.64-7.03L22 9.24l-7.19-.61L12 2 9.19 8.63 2 9.24l5.46 4.73L5.82 21z"
                />
              </svg>
              <svg
                class="star-svg"
                fill="currentColor"
                height="20"
                stroke="currentColor"
                stroke-width="0"
                viewBox="0 0 24 24"
                width="20"
                xmlns="http://www.w3.org/2000/svg"
              >
                <path
                  d="M12 17.27L18.18 21l-1.64-7.03L22 9.24l-7.19-.61L12 2 9.19 8.63 2 9.24l5.46 4.73L5.82 21z"
                />
              </svg>
              <svg
                class="star-svg"
                fill="currentColor"
                height="20"
                stroke="currentColor"
                stroke-width="0"
                viewBox="0 0 24 24"
                width="20"
                xmlns="http://www.w3.org/2000/svg"
              >
                <path
                  d="M12 17.27L18.18 21l-1.64-7.03L22 9.24l-7.19-.61L12 2 9.19 8.63 2 9.24l5.46 4.73L5.82 21z"
                />
              </svg>
            </span>
          </span>
        </span>
        <span>
          (
          )
        </span>
      </div>
      <div
        class="_price_b07fc0"
      >
        $
        10
      </div>
    </div>
    <form
      action="#"
      class="_form_b07fc0"
    >
      <div
        class="_count_b07fc0"
      >
        <button
          class="_change-btn_b07fc0"
          type="button"
        >
          -
        </button>
        <p
          data-testid="item-count"
        >
          1
        </p>
        <button
          class="_change-btn_b07fc0"
          type="button"
        >
          +
        </button>
      </div>
      <button
        class="_add-btn_b07fc0"
        type="submit"
      >
        Add to cart
      </button>
    </form>
  </div>
</div>
`;
